// Jest Snapshot v1, https://goo.gl/fbAQLP

exports[`Appearance Component render matches snapshot 1`] = `
<div
  className="list undefined"
>
  <a
    className="card__shop__text"
    href="/headphones"
    onClick={[Function]}
  >
    <div
      aria-label="see all headphones shop"
      className="card"
    >
      <div
        className="card__bg"
      />
      <img
        alt=""
        className="card__img"
        height="380px"
        src="/img/shared/desktop/image-category-thumbnail-headphones.png"
        width="438px"
      />
      <p
        className="card__name"
      >
        headphones
      </p>
      <div
        className="card__shop"
      >
        <p
          className="card__shop__text"
        >
          shop
        </p>
        <img
          alt=""
          className="card__shop__img"
          height="12px"
          src=""
          width="8px"
        />
      </div>
    </div>
  </a>
  <a
    className="card__shop__text"
    href="/speakers"
    onClick={[Function]}
  >
    <div
      aria-label="see all speakers shop"
      className="card"
    >
      <div
        className="card__bg"
      />
      <img
        alt=""
        className="card__img"
        height="380px"
        src="/img/shared/desktop/image-category-thumbnail-speakers.png"
        width="438px"
      />
      <p
        className="card__name"
      >
        speakers
      </p>
      <div
        className="card__shop"
      >
        <p
          className="card__shop__text"
        >
          shop
        </p>
        <img
          alt=""
          className="card__shop__img"
          height="12px"
          src=""
          width="8px"
        />
      </div>
    </div>
  </a>
  <a
    className="card__shop__text"
    href="/earphones"
    onClick={[Function]}
  >
    <div
      aria-label="see all earphones shop"
      className="card"
    >
      <div
        className="card__bg"
      />
      <img
        alt=""
        className="card__img"
        height="380px"
        src="/img/shared/desktop/image-category-thumbnail-earphones.png"
        width="438px"
      />
      <p
        className="card__name"
      >
        earphones
      </p>
      <div
        className="card__shop"
      >
        <p
          className="card__shop__text"
        >
          shop
        </p>
        <img
          alt=""
          className="card__shop__img"
          height="12px"
          src=""
          width="8px"
        />
      </div>
    </div>
  </a>
</div>
`;
