// Jest Snapshot v1, https://goo.gl/fbAQLP

exports[`Appearance Component render matches snapshot 1`] = `
<div
  className="container"
>
  <div
    className="container__sub-container"
  >
    <nav
      className="nav"
    >
      <a
        href="/"
        onClick={[Function]}
      >
        <img
          alt="Designo Site Home."
          className="nav__logo"
          src=""
        />
      </a>
      <button
        className="nav__btn"
        onClick={[Function]}
        type="button"
      >
        <img
          alt=""
          src=""
        />
      </button>
      <div
        className="nav__links"
        id="nav-links"
      >
        <a
          href="/about"
          onClick={[Function]}
        >
          <p
            className="nav__link"
          >
            our company
          </p>
        </a>
        <a
          href="/locations"
          onClick={[Function]}
        >
          <p
            className="nav__link"
          >
            locations
          </p>
        </a>
        <a
          href="/contact"
          onClick={[Function]}
        >
          <p
            className="nav__link"
          >
            contact
          </p>
        </a>
      </div>
    </nav>
    <div
      className="grid"
    >
      <div
        className="grid__row"
      >
        <div
          className="info"
        >
          <div
            className="info__grid"
          >
            <h2>
              Canada
            </h2>
            <div>
              <p
                className="info__title"
              >
                Designo Central Office
              </p>
              <p>
                3886 Wellington Street
                <br />
                Toronto, Ontario M9C 3J5
              </p>
            </div>
            <div>
              <p
                className="info__title"
              >
                Contact
              </p>
              <p>
                P : +1 253-863-8967
                <br />
                M : contact@designo.co
              </p>
            </div>
          </div>
        </div>
        <img
          alt="Google location map of Canada."
          className="img img__canada"
          src=""
        />
      </div>
      <div
        className="grid__row grid__row--reverse"
      >
        <div
          className="info"
        >
          <div
            className="info__grid"
          >
            <h2>
              Australia
            </h2>
            <div>
              <p
                className="info__title"
              >
                Designo AU Office
              </p>
              <p>
                19 Balonne Street
                <br />
                New South Wales 2443
              </p>
            </div>
            <div>
              <p
                className="info__title"
              >
                Contact
              </p>
              <p>
                P : (02) 6720 9092
                <br />
                M : contact@designo.au
              </p>
            </div>
          </div>
        </div>
        <img
          alt="Google location map of Australia."
          className="img img__australia"
          src=""
        />
      </div>
      <div
        className="grid__row"
      >
        <div
          className="info"
        >
          <div
            className="info__grid"
          >
            <h2>
              United Kingdom
            </h2>
            <div>
              <p
                className="info__title"
              >
                Designo UK Office
              </p>
              <p>
                13 Colorado Way
                <br />
                Rhyd-y-fro SA8 9GA
              </p>
            </div>
            <div>
              <p
                className="info__title"
              >
                Contact
              </p>
              <p>
                P : 078 3115 1400
                <br />
                M : contact@designo.uk
              </p>
            </div>
          </div>
        </div>
        <img
          alt="Google location map of United Kingdom."
          className="img img__uk"
          src=""
        />
      </div>
    </div>
  </div>
  <footer
    className="footer "
  >
    <div
      className="footer__container"
    >
      <div
        className="footer__hero"
      >
        <div>
          <p
            className="footer__hero__header"
          >
            Let's talk about your project
          </p>
          <p
            className="footer__hero__body"
          >
            Ready to take it to the next level? Contact us today and find out how our expertise can help your business grow.
          </p>
        </div>
        <button
          className="footer__hero__button"
          type="button"
        >
          get in touch
        </button>
      </div>
      <div
        className="footer__nav"
      >
        <a
          href="/"
          onClick={[Function]}
        >
          <img
            alt="Designo Site Home."
            className="footer__logo"
            src=""
          />
        </a>
        <div
          className="footer__links"
        >
          <a
            href="/about"
            onClick={[Function]}
          >
            <p
              className="footer__link"
            >
              our company
            </p>
          </a>
          <a
            href="/locations"
            onClick={[Function]}
          >
            <p
              className="footer__link"
            >
              locations
            </p>
          </a>
          <a
            href="/contact"
            onClick={[Function]}
          >
            <p
              className="footer__link"
            >
              contact
            </p>
          </a>
        </div>
        <hr
          className="footer__hr"
        />
      </div>
      <div
        className="footer__info"
      >
        <div
          className="footer__details"
        >
          <div>
            <p
              className="footer__bold-text"
            >
              Designo Central Office
            </p>
            <p>
              3386 Wellington Street
            </p>
            <p>
              Toronto, Ontario M9C 3J5
            </p>
          </div>
          <div
            className="footer__bold-text"
          >
            <p>
              Contact Us (Central Office)
            </p>
            <p>
              P : +1 253-863-8967
            </p>
            <p>
              M : contact@designo.co
            </p>
          </div>
        </div>
        <div
          className="footer__icons"
        >
          <img
            alt="Designo facebook media page."
            src=""
          />
          <img
            alt="Designo youtube media page."
            src=""
          />
          <img
            alt="Designo twitter media page."
            src=""
          />
          <img
            alt="Designo pinterest media page."
            src=""
          />
          <img
            alt="Designo instagram media page."
            src=""
          />
        </div>
      </div>
    </div>
  </footer>
</div>
`;
