// Jest Snapshot v1, https://goo.gl/fbAQLP

exports[`Appearance Component render matches snapshot 1`] = `
<div
  className="container"
>
  <a
    className="container"
    href="#skipto-main"
    onClick={[Function]}
  >
    Skip to 
    Main Content
  </a>
  <a
    className="container"
    href="#skipto-footer"
    onClick={[Function]}
  >
    Skip to 
    Footer Content
  </a>
  <nav
    aria-label="primary"
    className="nav undefined"
    id="primary-nav"
  >
    <button
      className="nav__menuBtn"
      onClick={[Function]}
      type="button"
    >
      <img
        alt="Menu Product Categories"
        height="15"
        src=""
        width="16"
      />
    </button>
    <a
      href="/"
      onClick={[Function]}
    >
      <img
        alt="Audiophile Home"
        height="25"
        src=""
        width="143"
      />
    </a>
    <div
      className="nav__links"
    >
      <a
        className="nav__link"
        href="/"
        onClick={[Function]}
      >
        home
      </a>
      <a
        className="nav__link"
        href="/headphones"
        onClick={[Function]}
      >
        headphones
      </a>
      <a
        className="nav__link"
        href="/speakers"
        onClick={[Function]}
      >
        speakers
      </a>
      <a
        className="nav__link"
        href="/earphones"
        onClick={[Function]}
      >
        earphones
      </a>
    </div>
    <button
      className="nav__cartBtn"
      onClick={[Function]}
      type="button"
    >
      <img
        alt="Shopping Cart"
        height="20"
        src=""
        width="23"
      />
    </button>
  </nav>
  <footer
    className="footer"
    data-testid="skipto-footer"
    id="skipto-footer"
  >
    <nav
      aria-label="secondary"
      className="footer__nav"
    >
      <img
        alt="Audiophile Logo"
        className="footer__logo"
        src=""
      />
      <div
        className="footer__links"
      >
        <a
          className="footer__link"
          href="/"
          onClick={[Function]}
        >
          home
        </a>
        <a
          className="footer__link"
          href="/headphones"
          onClick={[Function]}
        >
          headphones
        </a>
        <a
          className="footer__link"
          href="/speakers"
          onClick={[Function]}
        >
          speakers
        </a>
        <a
          className="footer__link"
          href="/earphones"
          onClick={[Function]}
        >
          earphones
        </a>
      </div>
    </nav>
    <p
      className="footer__info"
    >
      Audiophile is an all in one stop to fulfill your audio needs. We're a small team of music lovers and sound specialists who are devoted to helping you get the most out of personal audio. Come and visit our demo facility - we're open 7 days a week.
    </p>
    <div
      className="footer__bottombar"
    >
      <p
        className="footer__copyright"
      >
        Copyright 2021. All Rights Reserved
      </p>
      <div
        className="footer__social"
      >
        <a
          href="http://www.facebook.com"
          rel="noopener noreferrer"
          target="_blank"
        >
          <img
            alt="Facebook Media Page"
            className="footer__social__icon"
            src=""
          />
        </a>
        <a
          href="http://www.twitter.com"
          rel="noopener noreferrer"
          target="_blank"
        >
          <img
            alt="Twitter Media Page"
            className="footer__social__icon"
            src=""
          />
        </a>
        <a
          href="http://www.instagram.com"
          rel="noopener noreferrer"
          target="_blank"
        >
          <img
            alt="Instagram Media Page"
            className="footer__social__icon"
            src=""
          />
        </a>
      </div>
    </div>
  </footer>
</div>
`;
